( [ Right (ConstantDef (Identifier "MAXUSERNAME") (DecConstant 32))
  , Right (ConstantDef (Identifier "MAXFILELEN") (DecConstant 65535))
  , Right (ConstantDef (Identifier "MAXNAMELEN") (DecConstant 255))
  , Left
      (TypeDefEnum
         (Identifier "filekind")
         (( Identifier "TEXT" , Left (DecConstant 0) ) :|
            [ ( Identifier "DATA" , Left (DecConstant 1) )
            , ( Identifier "EXEC" , Left (DecConstant 2) )
            ]))
  , Left
      (TypeDefUnion
         (Identifier "filetype")
         UnionBody
           { unionDiscriminant = DiscriminantEnum (Identifier "kind")
           , unionArms =
               CaseSpec
                 { caseSpecValues = Right (IdentifierRef "TEXT") :| []
                 , caseSpecDeclaration = DeclarationVoid
                 } :|
                 [ CaseSpec
                     { caseSpecValues = Right (IdentifierRef "DATA") :| []
                     , caseSpecDeclaration =
                         DeclarationString
                           (Identifier "creator") (Just (Right (IdentifierRef "MAXNAMELEN")))
                     }
                 , CaseSpec
                     { caseSpecValues = Right (IdentifierRef "EXEC") :| []
                     , caseSpecDeclaration =
                         DeclarationString
                           (Identifier "interpretor")
                           (Just (Right (IdentifierRef "MAXNAMELEN")))
                     }
                 ]
           , unionDefault =
               Just
                 (DeclarationSingle
                    (TypeIdentifier (IdentifierRef "foo")) (Identifier "bar"))
           })
  , Left
      (TypeDefStruct
         (Identifier "file")
         (DeclarationString
            (Identifier "filename")
            (Just (Right (IdentifierRef "MAXNAMELEN"))) :|
            [ DeclarationSingle
                (TypeIdentifier (IdentifierRef "filetype")) (Identifier "type")
            , DeclarationString
                (Identifier "owner") (Just (Right (IdentifierRef "MAXUSERNAME")))
            , DeclarationOpaqueVarLen
                (Identifier "data") (Just (Right (IdentifierRef "MAXFILELEN")))
            ]))
  ]
, ParserState
    [ ( SourcePos
          { sourceName = "test/samples/example.xdr"
          , sourceLine = Pos 3
          , sourceColumn = Pos 1
          }
      , ConstantDef (Identifier "MAXNAMELEN") (DecConstant 255)
      )
    , ( SourcePos
          { sourceName = "test/samples/example.xdr"
          , sourceLine = Pos 2
          , sourceColumn = Pos 1
          }
      , ConstantDef (Identifier "MAXFILELEN") (DecConstant 65535)
      )
    , ( SourcePos
          { sourceName = "test/samples/example.xdr"
          , sourceLine = Pos 1
          , sourceColumn = Pos 1
          }
      , ConstantDef (Identifier "MAXUSERNAME") (DecConstant 32)
      )
    ]
    [ ( SourcePos
          { sourceName = "test/samples/example.xdr"
          , sourceLine = Pos 31
          , sourceColumn = Pos 1
          }
      , ( Identifier "file"
        , TypeStruct
            (DeclarationString
               (Identifier "filename")
               (Just (Right (IdentifierRef "MAXNAMELEN"))) :|
               [ DeclarationSingle
                   (TypeIdentifier (IdentifierRef "filetype")) (Identifier "type")
               , DeclarationString
                   (Identifier "owner") (Just (Right (IdentifierRef "MAXUSERNAME")))
               , DeclarationOpaqueVarLen
                   (Identifier "data") (Just (Right (IdentifierRef "MAXFILELEN")))
               ])
        )
      )
    , ( SourcePos
          { sourceName = "test/samples/example.xdr"
          , sourceLine = Pos 33
          , sourceColumn = Pos 4
          }
      , ( Identifier "type" , TypeIdentifier (IdentifierRef "filetype") )
      )
    , ( SourcePos
          { sourceName = "test/samples/example.xdr"
          , sourceLine = Pos 18
          , sourceColumn = Pos 1
          }
      , ( Identifier "filetype"
        , TypeUnion
            UnionBody
              { unionDiscriminant = DiscriminantEnum (Identifier "kind")
              , unionArms =
                  CaseSpec
                    { caseSpecValues = Right (IdentifierRef "TEXT") :| []
                    , caseSpecDeclaration = DeclarationVoid
                    } :|
                    [ CaseSpec
                        { caseSpecValues = Right (IdentifierRef "DATA") :| []
                        , caseSpecDeclaration =
                            DeclarationString
                              (Identifier "creator") (Just (Right (IdentifierRef "MAXNAMELEN")))
                        }
                    , CaseSpec
                        { caseSpecValues = Right (IdentifierRef "EXEC") :| []
                        , caseSpecDeclaration =
                            DeclarationString
                              (Identifier "interpretor")
                              (Just (Right (IdentifierRef "MAXNAMELEN")))
                        }
                    ]
              , unionDefault =
                  Just
                    (DeclarationSingle
                       (TypeIdentifier (IdentifierRef "foo")) (Identifier "bar"))
              }
        )
      )
    , ( SourcePos
          { sourceName = "test/samples/example.xdr"
          , sourceLine = Pos 25
          , sourceColumn = Pos 12
          }
      , ( Identifier "bar" , TypeIdentifier (IdentifierRef "foo") )
      )
    , ( SourcePos
          { sourceName = "test/samples/example.xdr"
          , sourceLine = Pos 8
          , sourceColumn = Pos 1
          }
      , ( Identifier "filekind"
        , TypeEnum
            (( Identifier "TEXT" , Left (DecConstant 0) ) :|
               [ ( Identifier "DATA" , Left (DecConstant 1) )
               , ( Identifier "EXEC" , Left (DecConstant 2) )
               ])
        )
      )
    ]
    (fromList [] :| [ fromList [] , fromList [] ])
)