test/samples/unsigned-size/array-size-signed-constant-id.xdr:8:23:
Identifier "N" used as array size specification at test/samples/unsigned-size/array-size-signed-constant-id.xdr:8:22 must have been declared previously as an unsigned constant
