test/samples/unsigned-size/array-size-signed-constant.xdr:7:24:
Only unsigned constant may be used as array size specification at test/samples/unsigned-size/array-size-signed-constant.xdr:7:22
