test/samples/unsigned-size/opaque-size-signed-constant-var.xdr:7:25:
Only unsigned constant may be used as array size specification at test/samples/unsigned-size/opaque-size-signed-constant-var.xdr:7:23
