test/samples/spec-scope/const-type-clash.xdr:1:15:
unexpected ';'
expecting ',', '}', or the rest of integer
